// Jest Snapshot v1, https://goo.gl/fbAQLP

exports[`Button should have children prop 1`] = `
<button
  disabled={true}
  onClick={[Function]}
>
  Send
</button>
`;
